[explainthisbob.com/index.html]
[explainthisbob.com/wp-content/uploads/2023/04/loading.png]
[backblue.gif]
[fade.gif]
[index.html]
[explainthisbob.com/wp-content/plugins/loftloader-pro/assets/css/loftloader.min3a45.css]
[explainthisbob.com/indexd784.html]
[explainthisbob.com/wp-includes/css/dist/block-library/style.minae48.css]
[explainthisbob.com/indexa6da.html]
[explainthisbob.com/wp-content/themes/hello-elementor/style.min653d.css]
[explainthisbob.com/wp-content/themes/hello-elementor/theme.min653d.css]
[explainthisbob.com/wp-content/plugins/elementor/assets/css/frontend-lite.minfb6f.css]
[explainthisbob.com/wp-content/uploads/elementor/css/post-25402d.css]
[explainthisbob.com/wp-content/plugins/elementskit-lite/modules/elementskit-icon-pack/assets/css/ekiticonsa489.css]
[explainthisbob.com/wp-content/plugins/essential-addons-for-elementor-lite/assets/front-end/css/view/general.mina78f.css]
[explainthisbob.com/wp-content/uploads/essential-addons-elementor/eael-92f8a.css]
[explainthisbob.com/wp-content/plugins/elementor/assets/lib/eicons/css/elementor-icons.min3b94.css]
[explainthisbob.com/wp-content/plugins/essential-addons-for-elementor-lite/assets/admin/images/templately/logo-icon.svg]
[explainthisbob.com/wp-content/plugins/elementor/assets/lib/swiper/v8/css/swiper.min94a4.css]
[explainthisbob.com/wp-content/plugins/elementor-pro/assets/css/frontend-lite.minac9e.css]
[explainthisbob.com/wp-content/uploads/elementor/css/post-90721.css]
[explainthisbob.com/wp-content/plugins/elementskit-lite/widgets/init/assets/css/widget-stylesa489.css]
[explainthisbob.com/wp-content/plugins/elementskit-lite/widgets/init/assets/css/responsivea489.css]
[explainthisbob.com/wp-content/plugins/elementor/assets/lib/font-awesome/css/fontawesome.min52d5.css]
[explainthisbob.com/wp-content/plugins/elementor/assets/lib/font-awesome/css/brands.min52d5.css]
[explainthisbob.com/wp-content/plugins/elementor/assets/lib/font-awesome/css/solid.min52d5.css]
[explainthisbob.com/wp-includes/js/jquery/jquery.mina767.js]
[explainthisbob.com/wp-includes/js/jquery/jquery-migrate.min6b00.js]
[explainthisbob.com/index52f0.json]
[explainthisbob.com/index4e68.json]
[explainthisbob.com/xmlrpc0db0.php]
[explainthisbob.com/wp-includes/wlwmanifest.xml]
[explainthisbob.com/indexfbb7.json]
[explainthisbob.com/indexb4e8.php]
[explainthisbob.com/wp-content/uploads/2023/04/bob-150x150.png]
[explainthisbob.com/wp-content/uploads/2023/04/bob-300x300.png]
[explainthisbob.com/wp-content/uploads/2023/04/od-12.png]
[explainthisbob.com/wp-content/uploads/2023/04/bob-1024x1024.png]
[explainthisbob.com/wp-content/uploads/2023/04/Welcome-3.mp4]
[explainthisbob.com/wp-content/plugins/elementor/assets/css/widget-icon-box.min.css]
[explainthisbob.com/wp-content/uploads/2023/04/photo_2023-04-19_22-34-26.jpg]
[explainthisbob.com/wp-content/uploads/2023/04/photo_2023-04-25_16-33-08.jpg]
[explainthisbob.com/wp-content/uploads/2023/04/photo_2023-04-25_16-33-21.jpg]
[explainthisbob.com/wp-content/uploads/2023/04/1-1-4-630x1024.png]
[scripts.embr.org/checkout/checkout.js]
[explainthisbob.com/wp-content/uploads/2023/04/LOADER-12.png]
[explainthisbob.com/wp-content/uploads/2023/04/LOADER-8.png]
[explainthisbob.com/wp-content/uploads/2023/04/1inch.png]
[explainthisbob.com/wp-content/uploads/2023/04/LOADER-7.png]
[explainthisbob.com/wp-content/uploads/2023/04/LOADER-9.png]
[explainthisbob.com/wp-content/plugins/loftloader-pro/assets/js/jquery.waitformedias.min3a45.js]
[explainthisbob.com/wp-content/plugins/loftloader-pro/assets/js/loftloader.min3a45.js]
[explainthisbob.com/wp-content/plugins/elementor/assets/lib/animations/animations.minfb6f.css]
[explainthisbob.com/wp-content/themes/hello-elementor/assets/js/hello-frontend.min8a54.js]
[explainthisbob.com/wp-content/plugins/elementskit-lite/widgets/init/assets/js/widget-scriptsa489.js]
[explainthisbob.com/wp-content/plugins/essential-addons-for-elementor-lite/assets/front-end/js/view/general.mina78f.js]
[explainthisbob.com/wp-content/plugins/elementor/assets/lib/jquery-numerator/jquery-numerator.min3958.js]
[explainthisbob.com/wp-content/plugins/elementor-pro/assets/js/webpack-pro.runtime.minac9e.js]
[explainthisbob.com/wp-content/plugins/elementor/assets/js/webpack.runtime.minfb6f.js]
[explainthisbob.com/wp-content/plugins/elementor/assets/js/frontend-modules.minfb6f.js]
[explainthisbob.com/wp-includes/js/dist/vendor/wp-polyfill-inert.min0226.js]
[explainthisbob.com/wp-includes/js/dist/vendor/regenerator-runtime.min8fa4.js]
[explainthisbob.com/wp-includes/js/dist/vendor/wp-polyfill.min2c7c.js]
[explainthisbob.com/wp-includes/js/dist/hooks.min6c65.js]
[explainthisbob.com/wp-includes/js/dist/i18n.mine57b.js]
[explainthisbob.com/wp-content/plugins/elementor-pro/assets/js/frontend.minac9e.js]
[explainthisbob.com/wp-content/plugins/elementor/assets/lib/waypoints/waypoints.min05da.js]
[explainthisbob.com/wp-includes/js/jquery/ui/core.min3f14.js]
[explainthisbob.com/wp-content/plugins/elementor/assets/js/frontend.minfb6f.js]
[explainthisbob.com/wp-content/plugins/elementor-pro/assets/js/elements-handlers.minac9e.js]
[explainthisbob.com/wp-content/plugins/elementskit-lite/widgets/init/assets/js/animate-circlea489.js]
[explainthisbob.com/wp-content/plugins/elementskit-lite/widgets/init/assets/js/elementora489.js]
[explainthisbob.com/wp-includes/js/underscore.mind584.js]
[explainthisbob.com/wp-includes/js/wp-util.minae48.js]
[explainthisbob.com/wp-content/plugins/wpforms-lite/assets/js/integrations/elementor/frontend.minbbb9.js]
[explainthisbob.com/index.html]
[explainthisbob.com/wp-content/plugins/loftloader-pro/assets/css/loftloader.min3a45.css]
[explainthisbob.com/wp-includes/css/dist/block-library/style.minae48.css]
[explainthisbob.com/wp-includes/css/classic-themes.minae48.css]
[explainthisbob.com/wp-content/themes/hello-elementor/style.min653d.css]
[explainthisbob.com/wp-content/themes/hello-elementor/theme.min653d.css]
[explainthisbob.com/wp-content/plugins/elementor/assets/css/frontend-lite.minfb6f.css]
[explainthisbob.com/wp-content/uploads/elementor/css/post-25402d.css]
[explainthisbob.com/wp-content/plugins/elementskit-lite/modules/elementskit-icon-pack/assets/fonts/elementskit97ac.woff]
[explainthisbob.com/wp-content/plugins/elementskit-lite/modules/elementskit-icon-pack/assets/css/ekiticonsa489.css]
[explainthisbob.com/wp-content/plugins/essential-addons-for-elementor-lite/assets/front-end/css/view/general.mina78f.css]
[explainthisbob.com/wp-content/uploads/essential-addons-elementor/eael-92f8a.css]
[explainthisbob.com/wp-content/plugins/elementor/assets/lib/eicons/fonts/eiconsd6bb.woff2]
[explainthisbob.com/wp-content/plugins/elementor/assets/lib/eicons/fonts/eiconsd6bb.eot]
[explainthisbob.com/wp-content/plugins/elementor/assets/lib/eicons/fonts/eiconsd6bb.woff]
[explainthisbob.com/wp-content/plugins/elementor/assets/lib/eicons/fonts/eiconsd6bb.ttf]
[explainthisbob.com/wp-content/plugins/elementor/assets/lib/eicons/css/elementor-icons.min3b94.css]
[explainthisbob.com/wp-content/plugins/essential-addons-for-elementor-lite/assets/admin/images/templately/logo-icon.svg]
[explainthisbob.com/wp-content/plugins/elementor/assets/lib/swiper/v8/css/swiper.min94a4.css]
[explainthisbob.com/wp-content/plugins/elementor-pro/assets/css/frontend-lite.minac9e.css]
[explainthisbob.com/wp-content/plugins/elementor/assets/lib/eicons/fonts/eiconsd6bb.svg]
[explainthisbob.com/wp-content/uploads/2023/04/photo_2023-04-25_16-33-03.jpg]
[explainthisbob.com/wp-content/uploads/2023/04/2_lJqxGC.png]
[explainthisbob.com/wp-content/uploads/2023/04/Diseno-sin-titulo-61.png]
[explainthisbob.com/wp-content/uploads/2023/04/image_2023-04-25_14-56-15.png]
[explainthisbob.com/wp-content/uploads/elementor/css/post-90721.css]
[explainthisbob.com/wp-content/plugins/elementskit-lite/widgets/init/assets/img/arrow.png]
[explainthisbob.com/wp-content/plugins/elementskit-lite/widgets/init/assets/img/sort_asc.png]
[explainthisbob.com/wp-content/plugins/elementskit-lite/widgets/init/assets/img/sort_desc.png]
[explainthisbob.com/wp-content/plugins/elementskit-lite/widgets/init/assets/img/sort_asc_disabled.png]
[explainthisbob.com/wp-content/plugins/elementskit-lite/widgets/init/assets/css/widget-stylesa489.css]
[explainthisbob.com/wp-content/plugins/elementskit-lite/widgets/init/assets/css/responsivea489.css]
[explainthisbob.com/wp-content/plugins/elementor/assets/lib/font-awesome/css/fontawesome.min52d5.css]
[explainthisbob.com/wp-content/plugins/elementor/assets/lib/font-awesome/webfonts/fa-brands-400.eot]
[explainthisbob.com/wp-content/plugins/elementor/assets/lib/font-awesome/webfonts/fa-brands-400d41d.eot]
[explainthisbob.com/wp-content/plugins/elementor/assets/lib/font-awesome/webfonts/fa-brands-400.woff2]
[explainthisbob.com/wp-content/plugins/elementor/assets/lib/font-awesome/webfonts/fa-brands-400.woff]
[explainthisbob.com/wp-content/plugins/elementor/assets/lib/font-awesome/webfonts/fa-brands-400.ttf]
[explainthisbob.com/wp-content/plugins/elementor/assets/lib/font-awesome/css/brands.min52d5.css]
[explainthisbob.com/wp-content/plugins/elementor/assets/lib/font-awesome/webfonts/fa-brands-400.svg]
[explainthisbob.com/wp-content/plugins/elementor/assets/lib/font-awesome/webfonts/fa-solid-900.eot]
[explainthisbob.com/wp-content/plugins/elementor/assets/lib/font-awesome/webfonts/fa-solid-900d41d.eot]
[explainthisbob.com/wp-content/plugins/elementor/assets/lib/font-awesome/webfonts/fa-solid-900.woff2]
[explainthisbob.com/wp-content/plugins/elementor/assets/lib/font-awesome/webfonts/fa-solid-900.woff]
[explainthisbob.com/wp-content/plugins/elementor/assets/lib/font-awesome/webfonts/fa-solid-900.ttf]
[explainthisbob.com/wp-content/plugins/elementor/assets/lib/font-awesome/css/solid.min52d5.css]
[explainthisbob.com/wp-includes/js/jquery/jquery.mina767.js]
[explainthisbob.com/wp-includes/js/jquery/jquery-migrate.min6b00.js]
[explainthisbob.com/wp-content/plugins/elementor/assets/css/widget-icon-box.min.css]
[explainthisbob.com/wp-content/plugins/loftloader-pro/assets/js/jquery.waitformedias.min3a45.js]
[explainthisbob.com/wp-content/plugins/loftloader-pro/assets/js/loftloader.min3a45.js]
[explainthisbob.com/wp-content/plugins/elementor/assets/lib/animations/animations.minfb6f.css]
[explainthisbob.com/wp-content/themes/hello-elementor/assets/js/hello-frontend.min8a54.js]
[explainthisbob.com/wp-content/plugins/elementskit-lite/libs/framework/assets/js/frontend-scripta489.js]
[explainthisbob.com/wp-content/plugins/elementskit-lite/widgets/init/assets/js/widget-scriptsa489.js]
[explainthisbob.com/wp-content/plugins/essential-addons-for-elementor-lite/assets/front-end/js/view/general.mina78f.js]
[explainthisbob.com/wp-content/uploads/essential-addons-elementor/eael-92f8a.js]
[explainthisbob.com/wp-content/plugins/elementor/assets/lib/jquery-numerator/jquery-numerator.min3958.js]
[explainthisbob.com/wp-content/plugins/elementor-pro/assets/js/webpack-pro.runtime.minac9e.js]
[explainthisbob.com/wp-content/plugins/elementor/assets/js/webpack.runtime.minfb6f.js]
[explainthisbob.com/wp-content/plugins/elementor/assets/js/frontend-modules.minfb6f.js]
[explainthisbob.com/wp-includes/js/dist/vendor/wp-polyfill-inert.min0226.js]
[explainthisbob.com/wp-includes/js/dist/vendor/regenerator-runtime.min8fa4.js]
[explainthisbob.com/wp-includes/js/dist/vendor/wp-polyfill.min2c7c.js]
[explainthisbob.com/wp-includes/js/dist/hooks.min6c65.js]
[explainthisbob.com/wp-includes/js/dist/i18n.mine57b.js]
[explainthisbob.com/wp-content/plugins/elementor-pro/assets/js/frontend.minac9e.js]
[explainthisbob.com/wp-content/plugins/elementor/assets/lib/waypoints/waypoints.min05da.js]
[explainthisbob.com/wp-includes/js/jquery/ui/core.min3f14.js]
[explainthisbob.com/wp-content/plugins/elementor/assets/lib/font-awesome/webfonts/fa-solid-900.svg]
[explainthisbob.com/-negative.svg]
[explainthisbob.com/wp-content/plugins/elementor/assets/js/frontend.minfb6f.js]
[explainthisbob.com/wp-content/plugins/elementor-pro/assets/js/elements-handlers.minac9e.js]
[explainthisbob.com/wp-content/plugins/elementskit-lite/widgets/init/assets/js/animate-circlea489.js]
[explainthisbob.com/wp-content/plugins/elementskit-lite/widgets/init/assets/js/elementora489.js]
[explainthisbob.com/wp-includes/js/underscore.mind584.js]
[explainthisbob.com/wp-includes/js/wp-util.minae48.js]
[explainthisbob.com/wp-content/plugins/wpforms-lite/assets/js/integrations/elementor/frontend.minbbb9.js]
[explainthisbob.com/wp-content/plugins/elementor/assets/lib/eicons/fonts/eiconsd6bb.svg]
[explainthisbob.com/wp-content/plugins/elementskit-lite/widgets/init/assets/img/cross-out.svg]
[explainthisbob.com/OPR/index.html]
[explainthisbob.com/wp-content/plugins/elementor/assets/lib/font-awesome/webfonts/fa-brands-400.svg]
[explainthisbob.com/wp-content/plugins/elementor/assets/lib/font-awesome/webfonts/fa-solid-900.svg]
[explainthisbob.com/-negative.html]
[explainthisbob.com/OPR/index.html]
